[
  {
    "SerialNumber": "6347",
    "MakeModel": "Cessna 172 Skyhawk",
    "Registration": "VH-MFTS",
    "Owner": "Ocker Air (Squog)",
    "Location": "YMES",
    "LocationName": "East Sale (Military), East Sale, Victoria, Australia",
    "Home": "YGLB",
    "SalePrice": "0.00",
    "SellbackPrice": "113831.00",
    "Equipment": "IFR/AP/GPS",
    "RentalDry": "0.00",
    "RentalWet": "0.00",
    "RentalType": "hour",
    "Bonus": "0",
    "RentalTime": "10800",
    "RentedBy": "Not rented.",
    "FuelPct": "0.27",
    "NeedsRepair": "0",
    "AirframeTime": "165:34",
    "EngineTime": "165:34",
    "TimeLast100hr": "69:55",
    "LeasedFrom": "Dragon9",
    "MonthlyFee": "1141.00",
    "FeeOwed": "0.00"
  },
  {
    "SerialNumber": "1234",
    "MakeModel": "Spruce Goose",
    "Registration": "VH-GOOSEY",
    "Owner": "Ocker Air (Squog)",
    "Location": "YMUM",
    "LocationName": "Yamum, Victoria",
    "Home": "YGLB",
    "SalePrice": "0.00",
    "SellbackPrice": "113831.00",
    "Equipment": "IFR/AP/GPS",
    "RentalDry": "0.00",
    "RentalWet": "0.00",
    "RentalType": "hour",
    "Bonus": "0",
    "RentalTime": "10800",
    "RentedBy": "Not rented.",
    "FuelPct": "0.27",
    "NeedsRepair": "0",
    "AirframeTime": "165:34",
    "EngineTime": "165:34",
    "TimeLast100hr": "69:55",
    "LeasedFrom": "Loosey",
    "MonthlyFee": "1141.00",
    "FeeOwed": "0.00"
  }
]
